./tests/runtests.sh: 8: ./tests/runtests.sh: ./*_tests: not found
./tests/runtests.sh: 8: ./tests/runtests.sh: ./*_tests: not found
./tests/runtests.sh: 11: ./tests/runtests.sh: ./*_tests: not found
./tests/runtests.sh: 11: ./tests/runtests.sh: ./*_tests: not found
./tests/runtests.sh: 11: ./tests/runtests.sh: ./*_tests: not found
